// Jest Snapshot v1, https://goo.gl/fbAQLP

exports[`Test the Reservations Test the App component 1`] = `
Object {
  "asFragment": [Function],
  "baseElement": <body>
    <div>
      <nav>
        <div
          class="left_section"
        >
          <img
            alt="Logo"
            class="logo"
            src="planet.png"
          />
          <h1
            class="logo_title"
          >
            Space Travelers' Hub
          </h1>
        </div>
        <ul
          class="nav_links"
        >
          <li
            class="nav_link"
          >
            <a
              class=""
              href="/"
            >
              Rockets
            </a>
          </li>
          <div
            class="combine"
          >
            <li
              class="nav_link"
            >
              <a
                class=""
                href="/missions"
              >
                Missions
              </a>
            </li>
            <div
              class="vLine"
            />
            <li
              class="nav_link"
            >
              <a
                aria-current="page"
                class="active"
                href="/profile"
                style="text-decoration: underline;"
              >
                My Profile
              </a>
            </li>
          </div>
        </ul>
      </nav>
      <div
        class="body"
      >
        <div
          class="profile_bg"
        >
          <div
            class="rockets_bg"
          >
            <div
              class="rockets"
            >
              <h2>
                My Rockets
              </h2>
              <ul>
                <p>
                  You haven't reserved any rockets yet
                </p>
              </ul>
            </div>
          </div>
          <div
            class="missions_bg"
          >
            <div
              class="missions"
            >
              <h2>
                My Missions
              </h2>
              <ul>
                <p>
                  You haven't joined to any mission yet
                </p>
              </ul>
            </div>
          </div>
        </div>
      </div>
    </div>
  </body>,
  "container": <div>
    <nav>
      <div
        class="left_section"
      >
        <img
          alt="Logo"
          class="logo"
          src="planet.png"
        />
        <h1
          class="logo_title"
        >
          Space Travelers' Hub
        </h1>
      </div>
      <ul
        class="nav_links"
      >
        <li
          class="nav_link"
        >
          <a
            class=""
            href="/"
          >
            Rockets
          </a>
        </li>
        <div
          class="combine"
        >
          <li
            class="nav_link"
          >
            <a
              class=""
              href="/missions"
            >
              Missions
            </a>
          </li>
          <div
            class="vLine"
          />
          <li
            class="nav_link"
          >
            <a
              aria-current="page"
              class="active"
              href="/profile"
              style="text-decoration: underline;"
            >
              My Profile
            </a>
          </li>
        </div>
      </ul>
    </nav>
    <div
      class="body"
    >
      <div
        class="profile_bg"
      >
        <div
          class="rockets_bg"
        >
          <div
            class="rockets"
          >
            <h2>
              My Rockets
            </h2>
            <ul>
              <p>
                You haven't reserved any rockets yet
              </p>
            </ul>
          </div>
        </div>
        <div
          class="missions_bg"
        >
          <div
            class="missions"
          >
            <h2>
              My Missions
            </h2>
            <ul>
              <p>
                You haven't joined to any mission yet
              </p>
            </ul>
          </div>
        </div>
      </div>
    </div>
  </div>,
  "debug": [Function],
  "findAllByAltText": [Function],
  "findAllByDisplayValue": [Function],
  "findAllByLabelText": [Function],
  "findAllByPlaceholderText": [Function],
  "findAllByRole": [Function],
  "findAllByTestId": [Function],
  "findAllByText": [Function],
  "findAllByTitle": [Function],
  "findByAltText": [Function],
  "findByDisplayValue": [Function],
  "findByLabelText": [Function],
  "findByPlaceholderText": [Function],
  "findByRole": [Function],
  "findByTestId": [Function],
  "findByText": [Function],
  "findByTitle": [Function],
  "getAllByAltText": [Function],
  "getAllByDisplayValue": [Function],
  "getAllByLabelText": [Function],
  "getAllByPlaceholderText": [Function],
  "getAllByRole": [Function],
  "getAllByTestId": [Function],
  "getAllByText": [Function],
  "getAllByTitle": [Function],
  "getByAltText": [Function],
  "getByDisplayValue": [Function],
  "getByLabelText": [Function],
  "getByPlaceholderText": [Function],
  "getByRole": [Function],
  "getByTestId": [Function],
  "getByText": [Function],
  "getByTitle": [Function],
  "queryAllByAltText": [Function],
  "queryAllByDisplayValue": [Function],
  "queryAllByLabelText": [Function],
  "queryAllByPlaceholderText": [Function],
  "queryAllByRole": [Function],
  "queryAllByTestId": [Function],
  "queryAllByText": [Function],
  "queryAllByTitle": [Function],
  "queryByAltText": [Function],
  "queryByDisplayValue": [Function],
  "queryByLabelText": [Function],
  "queryByPlaceholderText": [Function],
  "queryByRole": [Function],
  "queryByTestId": [Function],
  "queryByText": [Function],
  "queryByTitle": [Function],
  "rerender": [Function],
  "unmount": [Function],
}
`;
